// Jest Snapshot v1, https://goo.gl/fbAQLP

exports[`renders Header correctly 1`] = `
Array [
  <div
    className="home-Header"
  >
    <img
      alt="middle east map"
      className="countries"
      src="Untitled-design.png"
    />
    <input
      className="search"
      onChange={[Function]}
      placeholder="Search a country.."
      type="text"
      value=""
    />
  </div>,
  <div
    className="countriesContainer"
  >
    <div>
      <a
        className="countryContainer"
        href="/details/Amman,jo"
        onClick={[Function]}
      >
        <img
          alt="country's Map"
          className="left"
          src="Amman,jo.png"
        />
        <div
          className="right"
        >
          <img
            alt="goto icon"
            className="goto"
            src="group55.png"
          />
          <p
            className="name"
          >
            Jordan
          </p>
        </div>
      </a>
    </div>
    <div>
      <a
        className="countryContainer"
        href="/details/Ankara,tr"
        onClick={[Function]}
      >
        <img
          alt="country's Map"
          className="left"
          src="Ankara,tr.png"
        />
        <div
          className="right"
        >
          <img
            alt="goto icon"
            className="goto"
            src="group55.png"
          />
          <p
            className="name"
          >
            Turkey
          </p>
        </div>
      </a>
    </div>
    <div>
      <a
        className="countryContainer"
        href="/details/Baghdad,iq"
        onClick={[Function]}
      >
        <img
          alt="country's Map"
          className="left"
          src="Baghdad,iq.png"
        />
        <div
          className="right"
        >
          <img
            alt="goto icon"
            className="goto"
            src="group55.png"
          />
          <p
            className="name"
          >
            Iraq
          </p>
        </div>
      </a>
    </div>
    <div>
      <a
        className="countryContainer"
        href="/details/Beirut,leb"
        onClick={[Function]}
      >
        <img
          alt="country's Map"
          className="left"
          src="Beirut,leb.png"
        />
        <div
          className="right"
        >
          <img
            alt="goto icon"
            className="goto"
            src="group55.png"
          />
          <p
            className="name"
          >
            Lebanon
          </p>
        </div>
      </a>
    </div>
    <div>
      <a
        className="countryContainer"
        href="/details/Cairo,eg"
        onClick={[Function]}
      >
        <img
          alt="country's Map"
          className="left"
          src="Cairo,eg.png"
        />
        <div
          className="right"
        >
          <img
            alt="goto icon"
            className="goto"
            src="group55.png"
          />
          <p
            className="name"
          >
            Egypt
          </p>
        </div>
      </a>
    </div>
    <div>
      <a
        className="countryContainer"
        href="/details/Damascus,sy"
        onClick={[Function]}
      >
        <img
          alt="country's Map"
          className="left"
          src="Damascus,sy.png"
        />
        <div
          className="right"
        >
          <img
            alt="goto icon"
            className="goto"
            src="group55.png"
          />
          <p
            className="name"
          >
            Syria
          </p>
        </div>
      </a>
    </div>
    <div>
      <a
        className="countryContainer"
        href="/details/Doha,qa"
        onClick={[Function]}
      >
        <img
          alt="country's Map"
          className="left"
          src="Doha,qa.png"
        />
        <div
          className="right"
        >
          <img
            alt="goto icon"
            className="goto"
            src="group55.png"
          />
          <p
            className="name"
          >
            Qatar
          </p>
        </div>
      </a>
    </div>
    <div>
      <a
        className="countryContainer"
        href="/details/Dubai,ae"
        onClick={[Function]}
      >
        <img
          alt="country's Map"
          className="left"
          src="Dubai,ae.png"
        />
        <div
          className="right"
        >
          <img
            alt="goto icon"
            className="goto"
            src="group55.png"
          />
          <p
            className="name"
          >
            UAE
          </p>
        </div>
      </a>
    </div>
    <div>
      <a
        className="countryContainer"
        href="/details/Jerusalem,il"
        onClick={[Function]}
      >
        <img
          alt="country's Map"
          className="left"
          src="Jerusalem,il.png"
        />
        <div
          className="right"
        >
          <img
            alt="goto icon"
            className="goto"
            src="group55.png"
          />
          <p
            className="name"
          >
            Palestine
          </p>
        </div>
      </a>
    </div>
    <div>
      <a
        className="countryContainer"
        href="/details/Kuwait,kw"
        onClick={[Function]}
      >
        <img
          alt="country's Map"
          className="left"
          src="Kuwait,kw.png"
        />
        <div
          className="right"
        >
          <img
            alt="goto icon"
            className="goto"
            src="group55.png"
          />
          <p
            className="name"
          >
            Kuwait
          </p>
        </div>
      </a>
    </div>
    <div>
      <a
        className="countryContainer"
        href="/details/Manama,bh"
        onClick={[Function]}
      >
        <img
          alt="country's Map"
          className="left"
          src="Manama,bh.png"
        />
        <div
          className="right"
        >
          <img
            alt="goto icon"
            className="goto"
            src="group55.png"
          />
          <p
            className="name"
          >
            Bahrain
          </p>
        </div>
      </a>
    </div>
    <div>
      <a
        className="countryContainer"
        href="/details/Muscat,om"
        onClick={[Function]}
      >
        <img
          alt="country's Map"
          className="left"
          src="Muscat,om.png"
        />
        <div
          className="right"
        >
          <img
            alt="goto icon"
            className="goto"
            src="group55.png"
          />
          <p
            className="name"
          >
            Oman
          </p>
        </div>
      </a>
    </div>
    <div>
      <a
        className="countryContainer"
        href="/details/Riad,sa"
        onClick={[Function]}
      >
        <img
          alt="country's Map"
          className="left"
          src="Riad,sa.png"
        />
        <div
          className="right"
        >
          <img
            alt="goto icon"
            className="goto"
            src="group55.png"
          />
          <p
            className="name"
          >
            KSA
          </p>
        </div>
      </a>
    </div>
    <div>
      <a
        className="countryContainer"
        href="/details/Sanaa,ye"
        onClick={[Function]}
      >
        <img
          alt="country's Map"
          className="left"
          src="Sanaa,ye.png"
        />
        <div
          className="right"
        >
          <img
            alt="goto icon"
            className="goto"
            src="group55.png"
          />
          <p
            className="name"
          >
            Yemen
          </p>
        </div>
      </a>
    </div>
    <div>
      <a
        className="countryContainer"
        href="/details/Tehran,ir"
        onClick={[Function]}
      >
        <img
          alt="country's Map"
          className="left"
          src="Tehran,ir.png"
        />
        <div
          className="right"
        >
          <img
            alt="goto icon"
            className="goto"
            src="group55.png"
          />
          <p
            className="name"
          >
            Iran
          </p>
        </div>
      </a>
    </div>
  </div>,
]
`;
